[pixner.net/paylio/paylio-v1/index.html]
[backblue.gif]
[fade.gif]
[index.html]
[pixner.net/paylio/paylio-v1/assets/images/fav.png]
[pixner.net/paylio/paylio-v1/assets/css/bootstrap.min.css]
[pixner.net/paylio/paylio-v1/assets/css/fontawesome.min.css]
[pixner.net/paylio/paylio-v1/assets/css/jquery-ui.css]
[pixner.net/paylio/paylio-v1/assets/css/plugin/nice-select.css]
[pixner.net/paylio/paylio-v1/assets/css/plugin/magnific-popup.css]
[pixner.net/paylio/paylio-v1/assets/css/plugin/slick.css]
[pixner.net/paylio/paylio-v1/assets/css/arafat-font.css]
[pixner.net/paylio/paylio-v1/assets/css/plugin/animate.css]
[pixner.net/paylio/paylio-v1/assets/css/style.css]
[pixner.net/paylio/paylio-v1/index-2.html]
[pixner.net/paylio/paylio-v1/assets/images/logo.png]
[pixner.net/paylio/paylio-v1/payments-01.html]
[pixner.net/paylio/paylio-v1/subscriptions.html]
[pixner.net/paylio/paylio-v1/security.html]
[pixner.net/paylio/paylio-v1/fees.html]
[pixner.net/paylio/paylio-v1/business-account.html]
[pixner.net/paylio/paylio-v1/corporate-card.html]
[pixner.net/paylio/paylio-v1/expense-management.html]
[pixner.net/paylio/paylio-v1/budgeting-and-analytics.html]
[pixner.net/paylio/paylio-v1/integrations.html]
[pixner.net/paylio/paylio-v1/invoice-management.html]
[pixner.net/paylio/paylio-v1/rewards.html]
[pixner.net/paylio/paylio-v1/about-us.html]
[pixner.net/paylio/paylio-v1/career.html]
[pixner.net/paylio/paylio-v1/career-details.html]
[pixner.net/paylio/paylio-v1/blog.html]
[pixner.net/paylio/paylio-v1/blog-details.html]
[pixner.net/paylio/paylio-v1/error.html]
[pixner.net/paylio/paylio-v1/help-center.html]
[pixner.net/paylio/paylio-v1/help-center-category.html]
[pixner.net/paylio/paylio-v1/login.html]
[pixner.net/paylio/paylio-v1/sign-up.html]
[pixner.net/paylio/paylio-v1/assets/images/banner-box.png]
[pixner.net/paylio/paylio-v1/assets/images/banner-human.png]
[pixner.net/paylio/paylio-v1/assets/images/banner-rocket.png]
[pixner.net/paylio/paylio-v1/assets/images/banner-clock.png]
[pixner.net/paylio/paylio-v1/assets/images/banner-wallet.png]
[pixner.net/paylio/paylio-v1/assets/images/icon/conversion.png]
[pixner.net/paylio/paylio-v1/assets/images/global-payment-img.png]
[pixner.net/paylio/paylio-v1/assets/images/icon/global-payment-icon-1.png]
[pixner.net/paylio/paylio-v1/assets/images/icon/global-payment-icon-2.png]
[pixner.net/paylio/paylio-v1/assets/images/icon/global-payment-icon-3.png]
[pixner.net/paylio/paylio-v1/assets/images/icon/global-payment-icon-4.png]
[pixner.net/paylio/paylio-v1/assets/images/icon/our-solutions-icon-1.png]
[pixner.net/paylio/paylio-v1/assets/images/icon/our-solutions-icon-2.png]
[pixner.net/paylio/paylio-v1/assets/images/icon/our-solutions-icon-3.png]
[pixner.net/paylio/paylio-v1/assets/images/icon/our-solutions-icon-4.png]
[pixner.net/paylio/paylio-v1/assets/images/icon/how-works-icon-1.png]
[pixner.net/paylio/paylio-v1/assets/images/icon/how-works-icon-2.png]
[pixner.net/paylio/paylio-v1/assets/images/icon/how-works-icon-3.png]
[pixner.net/paylio/paylio-v1/assets/images/icon/how-works-icon-4.png]
[pixner.net/paylio/paylio-v1/assets/images/app-download-img.png]
[pixner.net/paylio/paylio-v1/assets/images/icon/check.png]
[pixner.net/paylio/paylio-v1/assets/images/GooglePlay-btn.png]
[pixner.net/paylio/paylio-v1/assets/images/apple-btn.png]
[pixner.net/paylio/paylio-v1/assets/images/testimonials-img-1.png]
[pixner.net/paylio/paylio-v1/assets/images/testimonials-img-2.png]
[pixner.net/paylio/paylio-v1/assets/images/testimonials-img-3.png]
[pixner.net/paylio/paylio-v1/assets/images/icon/arrow-right-2.png]
[pixner.net/paylio/paylio-v1/assets/images/icon/facebook.png]
[pixner.net/paylio/paylio-v1/assets/images/icon/linkedin.png]
[pixner.net/paylio/paylio-v1/assets/images/icon/instagram.png]
[pixner.net/paylio/paylio-v1/assets/images/icon/twitter.png]
[pixner.net/paylio/paylio-v1/terms-conditions.html]
[pixner.net/paylio/paylio-v1/privacy-policy.html]
[pixner.net/paylio/paylio-v1/assets/js/jquery.min.js]
[pixner.net/paylio/paylio-v1/assets/js/jquery-ui.js]
[pixner.net/paylio/paylio-v1/assets/js/bootstrap.min.js]
[pixner.net/paylio/paylio-v1/assets/js/fontawesome.js]
[pixner.net/paylio/paylio-v1/assets/js/plugin/slick.js]
[pixner.net/paylio/paylio-v1/assets/js/plugin/jquery.nice-select.min.js]
[pixner.net/paylio/paylio-v1/assets/js/plugin/counter.js]
[pixner.net/paylio/paylio-v1/assets/js/plugin/waypoint.min.js]
[pixner.net/paylio/paylio-v1/assets/js/plugin/jquery.magnific-popup.min.js]
[pixner.net/paylio/paylio-v1/assets/js/plugin/wow.min.js]
[pixner.net/paylio/paylio-v1/assets/js/plugin/plugin.js]
[pixner.net/paylio/paylio-v1/assets/js/main.js]
[pixner.net/paylio/paylio-v1/index.html]
[pixner.net/paylio/paylio-v1/assets/css/bootstrap.min.css]
[pixner.net/paylio/paylio-v1/assets/webfonts/fa-brands-400.eot]
[pixner.net/paylio/paylio-v1/assets/webfonts/fa-brands-400d41d.eot]
[pixner.net/paylio/paylio-v1/assets/webfonts/fa-brands-400.woff2]
[pixner.net/paylio/paylio-v1/assets/webfonts/fa-brands-400.woff]
[pixner.net/paylio/paylio-v1/assets/webfonts/fa-brands-400.ttf]
[pixner.net/paylio/paylio-v1/assets/webfonts/fa-brands-400.svg]
[pixner.net/paylio/paylio-v1/assets/webfonts/fa-regular-400.eot]
[pixner.net/paylio/paylio-v1/assets/webfonts/fa-regular-400d41d.eot]
[pixner.net/paylio/paylio-v1/assets/webfonts/fa-regular-400.woff2]
[pixner.net/paylio/paylio-v1/assets/webfonts/fa-regular-400.woff]
[pixner.net/paylio/paylio-v1/assets/webfonts/fa-regular-400.ttf]
[pixner.net/paylio/paylio-v1/assets/webfonts/fa-regular-400.svg]
[pixner.net/paylio/paylio-v1/assets/webfonts/fa-solid-900.eot]
[pixner.net/paylio/paylio-v1/assets/webfonts/fa-solid-900d41d.eot]
[pixner.net/paylio/paylio-v1/assets/webfonts/fa-solid-900.woff2]
[pixner.net/paylio/paylio-v1/assets/webfonts/fa-solid-900.woff]
[pixner.net/paylio/paylio-v1/assets/webfonts/fa-solid-900.ttf]
[pixner.net/paylio/paylio-v1/assets/css/fontawesome.min.css]
[pixner.net/paylio/paylio-v1/assets/webfonts/fa-solid-900.svg]
[pixner.net/paylio/paylio-v1/assets/css/images/ui-icons_444444_256x240.png]
[pixner.net/paylio/paylio-v1/assets/css/images/ui-icons_555555_256x240.png]
[pixner.net/paylio/paylio-v1/assets/css/images/ui-icons_ffffff_256x240.png]
[pixner.net/paylio/paylio-v1/assets/css/images/ui-icons_777620_256x240.png]
[pixner.net/paylio/paylio-v1/assets/css/images/ui-icons_cc0000_256x240.png]
[pixner.net/paylio/paylio-v1/assets/css/images/ui-icons_777777_256x240.png]
[pixner.net/paylio/paylio-v1/assets/css/jquery-ui.css]
[pixner.net/paylio/paylio-v1/assets/css/plugin/nice-select.css]
[pixner.net/paylio/paylio-v1/assets/css/plugin/magnific-popup.css]
[pixner.net/paylio/paylio-v1/assets/css/plugin/slick.css]
[pixner.net/paylio/paylio-v1/assets/webfonts/arafat-font.eot]
[pixner.net/paylio/paylio-v1/assets/webfonts/arafat-fontd41d.eot]
[pixner.net/paylio/paylio-v1/assets/webfonts/arafat-font.woff]
[pixner.net/paylio/paylio-v1/assets/webfonts/arafat-font.ttf]
[pixner.net/paylio/paylio-v1/assets/webfonts/arafat-font.svg]
[pixner.net/paylio/paylio-v1/assets/css/arafat-font.css]
[pixner.net/paylio/paylio-v1/assets/css/plugin/animate.css]
[pixner.net/paylio/paylio-v1/assets/images/preloader.gif]
[pixner.net/paylio/paylio-v1/assets/images/banner-map.png]
[pixner.net/paylio/paylio-v1/assets/images/icon/flag-usa.png]
[pixner.net/paylio/paylio-v1/assets/images/icon/flag-aus.png]
[pixner.net/paylio/paylio-v1/assets/images/payment-banner-bg.png]
[pixner.net/paylio/paylio-v1/assets/images/payment-banner-2-bg.png]
[pixner.net/paylio/paylio-v1/assets/images/business-globe-1.png]
[pixner.net/paylio/paylio-v1/assets/images/business-globe-2.png]
[pixner.net/paylio/paylio-v1/assets/images/integrations-banner-bg.png]
[pixner.net/paylio/paylio-v1/assets/images/corporate-card-globe.png]
[pixner.net/paylio/paylio-v1/assets/images/corporate-banner-img.png]
[pixner.net/paylio/paylio-v1/assets/images/expense-illus.png]
[pixner.net/paylio/paylio-v1/assets/images/subscriptions-illus.png]
[pixner.net/paylio/paylio-v1/assets/images/budgeting-analytics-banner.png]
[pixner.net/paylio/paylio-v1/assets/images/icon/arrow-right-3.png]
[pixner.net/paylio/paylio-v1/assets/images/blog-banner.png]
[pixner.net/paylio/paylio-v1/assets/images/footer-bg-left.png]
[pixner.net/paylio/paylio-v1/assets/images/footer-bg-right.png]
[pixner.net/paylio/paylio-v1/assets/images/our-solutions-bg.png]
[pixner.net/paylio/paylio-v1/assets/images/business-model-bg.png]
[pixner.net/paylio/paylio-v1/assets/images/our-solutions-payment-bg.png]
[pixner.net/paylio/paylio-v1/assets/images/icon/how-works-arrow-1.png]
[pixner.net/paylio/paylio-v1/assets/images/icon/how-works-arrow-2.png]
[pixner.net/paylio/paylio-v1/assets/images/icon/how-works-arrow-4.png]
[pixner.net/paylio/paylio-v1/assets/images/icon/how-works-arrow-3.png]
[pixner.net/paylio/paylio-v1/assets/images/icon/left-arrow.png]
[pixner.net/paylio/paylio-v1/assets/images/icon/right-arrow.png]
[pixner.net/paylio/paylio-v1/assets/images/icon/minus-icon.png]
[pixner.net/paylio/paylio-v1/assets/images/icon/plus-icon.png]
[pixner.net/paylio/paylio-v1/assets/images/icon/faq-icon.png]
[pixner.net/paylio/paylio-v1/assets/images/more-features-illu-1.png]
[pixner.net/paylio/paylio-v1/assets/images/more-features-illu-2.png]
[pixner.net/paylio/paylio-v1/assets/images/accept-payments-bg.png]
[pixner.net/paylio/paylio-v1/assets/images/earn-spend-1.png]
[pixner.net/paylio/paylio-v1/assets/images/earn-spend-3.png]
[pixner.net/paylio/paylio-v1/assets/images/security-call-action.png]
[pixner.net/paylio/paylio-v1/assets/images/location-bg.png]
[pixner.net/paylio/paylio-v1/assets/images/icon/arrow-right-6.png]
[pixner.net/paylio/paylio-v1/assets/images/error.png]
[pixner.net/paylio/paylio-v1/assets/css/style.css]
[pixner.net/paylio/paylio-v1/index-2.html]
[pixner.net/paylio/paylio-v1/assets/images/payment-illus-2.png]
[pixner.net/paylio/paylio-v1/assets/images/payment-illus.png]
[pixner.net/paylio/paylio-v1/assets/images/global-payment-2.png]
[pixner.net/paylio/paylio-v1/assets/images/icon/features-icon-1.png]
[pixner.net/paylio/paylio-v1/assets/images/icon/features-icon-2.png]
[pixner.net/paylio/paylio-v1/assets/images/icon/features-icon-3.png]
[pixner.net/paylio/paylio-v1/assets/images/icon/features-icon-4.png]
[pixner.net/paylio/paylio-v1/assets/images/icon/more-features-icon-1.png]
[pixner.net/paylio/paylio-v1/assets/images/icon/more-features-icon-2.png]
[pixner.net/paylio/paylio-v1/assets/images/icon/more-features-icon-3.png]
[pixner.net/paylio/paylio-v1/assets/images/accept-payment-img.png]
[pixner.net/paylio/paylio-v1/assets/images/icon/business-model-icon-1.png]
[pixner.net/paylio/paylio-v1/assets/images/icon/business-model-icon-2.png]
[pixner.net/paylio/paylio-v1/assets/images/icon/business-model-icon-3.png]
[pixner.net/paylio/paylio-v1/assets/images/icon/features-built-icon-1.png]
[pixner.net/paylio/paylio-v1/assets/images/icon/features-built-icon-2.png]
[pixner.net/paylio/paylio-v1/assets/images/icon/features-built-icon-3.png]
[pixner.net/paylio/paylio-v1/assets/images/features-built-frame.png]
[pixner.net/paylio/paylio-v1/payments-01.html]
[pixner.net/paylio/paylio-v1/assets/images/subscriptions-features.png]
[pixner.net/paylio/paylio-v1/assets/images/subscriptions-features-2.png]
[pixner.net/paylio/paylio-v1/subscriptions.html]
[pixner.net/paylio/paylio-v1/assets/images/security-shape-1.png]
[pixner.net/paylio/paylio-v1/assets/images/security-shape-2.png]
[pixner.net/paylio/paylio-v1/assets/images/security-shape-3.png]
[pixner.net/paylio/paylio-v1/assets/images/security-features-1.png]
[pixner.net/paylio/paylio-v1/assets/images/security-features-2.png]
[pixner.net/paylio/paylio-v1/security.html]
[pixner.net/paylio/paylio-v1/assets/images/banner-fees.png]
[pixner.net/paylio/paylio-v1/assets/images/icon/check-4.png]
[pixner.net/paylio/paylio-v1/assets/images/country/01.png]
[pixner.net/paylio/paylio-v1/assets/images/country/02.png]
[pixner.net/paylio/paylio-v1/assets/images/country/03.png]
[pixner.net/paylio/paylio-v1/assets/images/country/04.png]
[pixner.net/paylio/paylio-v1/assets/images/country/05.png]
[pixner.net/paylio/paylio-v1/assets/images/country/06.png]
[pixner.net/paylio/paylio-v1/assets/images/country/07.png]
[pixner.net/paylio/paylio-v1/assets/images/country/08.png]
[pixner.net/paylio/paylio-v1/assets/images/country/09.png]
[pixner.net/paylio/paylio-v1/assets/images/country/10.png]
[pixner.net/paylio/paylio-v1/assets/images/country/11.png]
[pixner.net/paylio/paylio-v1/assets/images/country/12.png]
[pixner.net/paylio/paylio-v1/assets/images/country/13.png]
[pixner.net/paylio/paylio-v1/assets/images/country/14.png]
[pixner.net/paylio/paylio-v1/assets/images/country/15.png]
[pixner.net/paylio/paylio-v1/assets/images/country/16.png]
[pixner.net/paylio/paylio-v1/assets/images/country/17.png]
[pixner.net/paylio/paylio-v1/assets/images/country/18.png]
[pixner.net/paylio/paylio-v1/assets/images/country/19.png]
[pixner.net/paylio/paylio-v1/assets/images/country/20.png]
[pixner.net/paylio/paylio-v1/fees.html]
[pixner.net/paylio/paylio-v1/assets/images/icon/check-2.png]
[pixner.net/paylio/paylio-v1/assets/images/business-dashboard-1.png]
[pixner.net/paylio/paylio-v1/assets/images/business-dashboard-2.png]
[pixner.net/paylio/paylio-v1/assets/images/business-features-1.png]
[pixner.net/paylio/paylio-v1/assets/images/business-features-2.png]
[pixner.net/paylio/paylio-v1/assets/images/business-features-3.png]
[pixner.net/paylio/paylio-v1/assets/images/icon/aws.png]
[pixner.net/paylio/paylio-v1/assets/images/icon/shopify.png]
[pixner.net/paylio/paylio-v1/assets/images/icon/magento.png]
[pixner.net/paylio/paylio-v1/assets/images/icon/xero.png]
[pixner.net/paylio/paylio-v1/business-account.html]
[pixner.net/paylio/paylio-v1/assets/images/icon/features-corporate-icon-1.png]
[pixner.net/paylio/paylio-v1/assets/images/icon/features-corporate-icon-2.png]
[pixner.net/paylio/paylio-v1/assets/images/icon/features-corporate-icon-3.png]
[pixner.net/paylio/paylio-v1/assets/images/multi-currency-img.png]
[pixner.net/paylio/paylio-v1/assets/images/earn-cashback-image.png]
[pixner.net/paylio/paylio-v1/assets/images/icon/stay-control-icon-1.png]
[pixner.net/paylio/paylio-v1/assets/images/icon/stay-control-icon-2.png]
[pixner.net/paylio/paylio-v1/assets/images/icon/stay-control-icon-3.png]
[pixner.net/paylio/paylio-v1/assets/images/icon/stay-control-icon-4.png]
[pixner.net/paylio/paylio-v1/assets/images/stay-control-image.png]
[pixner.net/paylio/paylio-v1/assets/images/secure-integrated-illu.png]
[pixner.net/paylio/paylio-v1/assets/images/icon/check-3.png]
[pixner.net/paylio/paylio-v1/corporate-card.html]
[pixner.net/paylio/paylio-v1/assets/images/team-instantly.png]
[pixner.net/paylio/paylio-v1/assets/images/costly-surprises.png]
[pixner.net/paylio/paylio-v1/expense-management.html]
[pixner.net/paylio/paylio-v1/assets/images/budgeting-analytics-features.png]
[pixner.net/paylio/paylio-v1/assets/images/budgeting-analytics-features-2.png]
[pixner.net/paylio/paylio-v1/budgeting-and-analytics.html]
[pixner.net/paylio/paylio-v1/assets/images/integrations-banner.png]
[pixner.net/paylio/paylio-v1/assets/images/integrations-features-1.png]
[pixner.net/paylio/paylio-v1/assets/images/integrations-features-2.png]
[pixner.net/paylio/paylio-v1/assets/images/integrations-features-3.png]
[pixner.net/paylio/paylio-v1/integrations.html]
[pixner.net/paylio/paylio-v1/assets/images/icon/invoice-icon-1.png]
[pixner.net/paylio/paylio-v1/assets/images/icon/invoice-icon-2.png]
[pixner.net/paylio/paylio-v1/assets/images/icon/invoice-icon-3.png]
[pixner.net/paylio/paylio-v1/assets/images/invoice-features-1.png]
[pixner.net/paylio/paylio-v1/assets/images/invoice-features-2.png]
[pixner.net/paylio/paylio-v1/assets/images/invoice-features-3.png]
[pixner.net/paylio/paylio-v1/assets/images/invoice-features-4.png]
[pixner.net/paylio/paylio-v1/assets/images/invoice-features-5.png]
[pixner.net/paylio/paylio-v1/invoice-management.html]
[pixner.net/paylio/paylio-v1/assets/images/rewards-banner-1.png]
[pixner.net/paylio/paylio-v1/assets/images/rewards-banner-2.png]
[pixner.net/paylio/paylio-v1/assets/images/icon/partner-logo-4.png]
[pixner.net/paylio/paylio-v1/assets/images/icon/partner-logo-5.png]
[pixner.net/paylio/paylio-v1/assets/images/icon/partner-logo-1.png]
[pixner.net/paylio/paylio-v1/assets/images/icon/partner-logo-2.png]
[pixner.net/paylio/paylio-v1/assets/images/icon/partner-logo-3.png]
[pixner.net/paylio/paylio-v1/assets/images/icon/partner-logo-6.png]
[pixner.net/paylio/paylio-v1/assets/images/icon/partner-logo-7.png]
[pixner.net/paylio/paylio-v1/assets/images/icon/partner-logo-8.png]
[pixner.net/paylio/paylio-v1/assets/images/icon/partner-logo-9.png]
[pixner.net/paylio/paylio-v1/rewards.html]
[pixner.net/paylio/paylio-v1/assets/images/about-popup.png]
[pixner.net/paylio/paylio-v1/assets/images/icon/popup-icon.png]
[pixner.net/paylio/paylio-v1/assets/images/icon/stats-info-icon-1.png]
[pixner.net/paylio/paylio-v1/assets/images/icon/stats-info-icon-2.png]
[pixner.net/paylio/paylio-v1/assets/images/icon/stats-info-icon-3.png]
[pixner.net/paylio/paylio-v1/assets/images/icon/values-icon-1.png]
[pixner.net/paylio/paylio-v1/assets/images/icon/values-icon-2.png]
[pixner.net/paylio/paylio-v1/assets/images/icon/values-icon-3.png]
[pixner.net/paylio/paylio-v1/assets/images/icon/values-icon-4.png]
[pixner.net/paylio/paylio-v1/assets/images/team-image-1.png]
[pixner.net/paylio/paylio-v1/assets/images/team-image-2.png]
[pixner.net/paylio/paylio-v1/assets/images/team-image-3.png]
[pixner.net/paylio/paylio-v1/assets/images/team-image-4.png]
[pixner.net/paylio/paylio-v1/assets/images/team-image-5.png]
[pixner.net/paylio/paylio-v1/assets/images/team-image-6.png]
[pixner.net/paylio/paylio-v1/assets/images/icon/location-icon-1.png]
[pixner.net/paylio/paylio-v1/assets/images/icon/email-icon-1.png]
[pixner.net/paylio/paylio-v1/assets/images/icon/phone-icon-1.png]
[pixner.net/paylio/paylio-v1/assets/images/icon/arrow-right-4.png]
[pixner.net/paylio/paylio-v1/assets/images/icon/location-icon-2.png]
[pixner.net/paylio/paylio-v1/assets/images/icon/email-icon-2.png]
[pixner.net/paylio/paylio-v1/assets/images/icon/phone-icon-2.png]
[pixner.net/paylio/paylio-v1/assets/images/icon/location-icon-3.png]
[pixner.net/paylio/paylio-v1/assets/images/icon/email-icon-3.png]
[pixner.net/paylio/paylio-v1/assets/images/icon/phone-icon-3.png]
[pixner.net/paylio/paylio-v1/about-us.html]
[pixner.net/cdn-cgi/scripts/5c5dd728/cloudflare-static/email-decode.min.js]
[pixner.net/paylio/paylio-v1/assets/images/banner-career.png]
[pixner.net/paylio/paylio-v1/assets/images/icon/arrow-right-5.png]
[pixner.net/paylio/paylio-v1/assets/images/icon/perks-icon-1.png]
[pixner.net/paylio/paylio-v1/assets/images/icon/perks-icon-2.png]
[pixner.net/paylio/paylio-v1/assets/images/icon/perks-icon-3.png]
[pixner.net/paylio/paylio-v1/assets/images/icon/perks-icon-4.png]
[pixner.net/paylio/paylio-v1/assets/images/icon/perks-icon-5.png]
[pixner.net/paylio/paylio-v1/assets/images/icon/perks-icon-6.png]
[pixner.net/paylio/paylio-v1/career.html]
[pixner.net/paylio/paylio-v1/career-details.html]
[pixner.net/paylio/paylio-v1/assets/images/banner-blog.png]
[pixner.net/paylio/paylio-v1/assets/images/icon/search-icon-2.png]
[pixner.net/paylio/paylio-v1/assets/images/blog-image-1.png]
[pixner.net/paylio/paylio-v1/assets/images/blog-user.png]
[pixner.net/paylio/paylio-v1/assets/images/blog-image-2.png]
[pixner.net/paylio/paylio-v1/assets/images/blog-image-3.png]
[pixner.net/paylio/paylio-v1/assets/images/blog-image-4.png]
[pixner.net/paylio/paylio-v1/assets/images/blog-image-5.png]
[pixner.net/paylio/paylio-v1/assets/images/blog-image-6.png]
[pixner.net/paylio/paylio-v1/assets/images/blog-image-7.png]
[pixner.net/paylio/paylio-v1/assets/images/blog-user-2.png]
[pixner.net/paylio/paylio-v1/assets/images/blog-image-8.png]
[pixner.net/paylio/paylio-v1/assets/images/blog-image-9.png]
[pixner.net/paylio/paylio-v1/assets/images/blog-image-10.png]
[pixner.net/paylio/paylio-v1/assets/images/blog-image-11.png]
[pixner.net/paylio/paylio-v1/assets/images/blog-user-3.png]
[pixner.net/paylio/paylio-v1/assets/images/blog-image-12.png]
[pixner.net/paylio/paylio-v1/assets/images/blog-image-13.png]
[pixner.net/paylio/paylio-v1/blog.html]
[pixner.net/paylio/paylio-v1/assets/images/blog-image-14.png]
[pixner.net/paylio/paylio-v1/assets/images/profile-img.png]
[pixner.net/paylio/paylio-v1/blog-details.html]
[pixner.net/paylio/paylio-v1/error.html]
[pixner.net/paylio/paylio-v1/assets/images/icon/search-icon.png]
[pixner.net/paylio/paylio-v1/assets/images/icon/personal-icon-1.png]
[pixner.net/paylio/paylio-v1/assets/images/icon/personal-icon-2.png]
[pixner.net/paylio/paylio-v1/assets/images/icon/personal-icon-3.png]
[pixner.net/paylio/paylio-v1/assets/images/icon/personal-icon-4.png]
[pixner.net/paylio/paylio-v1/assets/images/icon/personal-icon-5.png]
[pixner.net/paylio/paylio-v1/assets/images/icon/personal-icon-6.png]
[pixner.net/paylio/paylio-v1/assets/images/icon/personal-icon-7.png]
[pixner.net/paylio/paylio-v1/assets/images/icon/business-icon-1.png]
[pixner.net/paylio/paylio-v1/assets/images/icon/business-icon-2.png]
[pixner.net/paylio/paylio-v1/assets/images/icon/business-icon-3.png]
[pixner.net/paylio/paylio-v1/assets/images/icon/business-icon-4.png]
[pixner.net/paylio/paylio-v1/assets/images/icon/business-icon-5.png]
[pixner.net/paylio/paylio-v1/assets/images/icon/business-icon-6.png]
[pixner.net/paylio/paylio-v1/assets/images/icon/business-icon-7.png]
[pixner.net/paylio/paylio-v1/assets/images/icon/business-icon-8.png]
[pixner.net/paylio/paylio-v1/help-center.html]
[pixner.net/paylio/paylio-v1/help-center-category.html]
[pixner.net/paylio/paylio-v1/assets/images/login-reg-bg.png]
[pixner.net/paylio/paylio-v1/login.html]
[pixner.net/paylio/paylio-v1/sign-up.html]
[pixner.net/paylio/paylio-v1/terms-conditions.html]
[pixner.net/paylio/paylio-v1/privacy-policy.html]
[pixner.net/paylio/paylio-v1/assets/webfonts/fa-brands-400.svg]
[pixner.net/paylio/paylio-v1/assets/webfonts/fa-regular-400.svg]
[pixner.net/paylio/paylio-v1/assets/webfonts/fa-solid-900.svg]
[pixner.net/paylio/paylio-v1/assets/css/images/ui-icons_444444_256x240.html]
[pixner.net/paylio/paylio-v1/assets/css/images/ui-icons_555555_256x240.html]
[pixner.net/paylio/paylio-v1/assets/css/images/ui-icons_ffffff_256x240.html]
[pixner.net/paylio/paylio-v1/assets/css/images/ui-icons_777620_256x240.html]
[pixner.net/paylio/paylio-v1/assets/css/images/ui-icons_cc0000_256x240.html]
[pixner.net/paylio/paylio-v1/assets/css/images/ui-icons_777777_256x240.html]
[pixner.net/paylio/paylio-v1/assets/webfonts/arafat-font.svg]
